2026-10-08 10:15:57,534 INFO     __main__: Parsing files:
    airfoil.cpp
2026-10-08 10:16:04,986 INFO     __main__: Validating...
2026-10-08 10:16:04,986 INFO     __main__: Translation scheme: C++/seq
2026-10-08 10:16:05,019 INFO     __main__: Generated loop host 1 of 5: airfoil_1_save_soln
2026-10-08 10:16:05,023 INFO     __main__: Generated loop host 2 of 5: airfoil_2_adt_calc
2026-10-08 10:16:05,027 INFO     __main__: Generated loop host 3 of 5: airfoil_3_res_calc
2026-10-08 10:16:05,031 INFO     __main__: Generated loop host 4 of 5: airfoil_4_bres_calc
2026-10-08 10:16:05,035 INFO     __main__: Generated loop host 5 of 5: airfoil_5_update
2026-10-08 10:16:05,040 INFO     __main__: Generated master kernel file: generated/airfoil/seq/op2_kernels.cpp
2026-10-08 10:16:05,040 WARNING  __main__: No scheme registered for C++/c_seq
2026-10-08 10:16:05,040 INFO     __main__: Translation scheme: C++/cuda
2026-10-08 10:16:05,122 INFO     __main__: Generated loop host 1 of 5: airfoil_1_save_soln
2026-10-08 10:16:05,129 INFO     __main__: Generated loop host 2 of 5: airfoil_2_adt_calc
2026-10-08 10:16:05,136 INFO     __main__: Generated loop host 3 of 5: airfoil_3_res_calc
2026-10-08 10:16:05,143 INFO     __main__: Generated loop host 4 of 5: airfoil_4_bres_calc
2026-10-08 10:16:05,148 INFO     __main__: Generated loop host 5 of 5: airfoil_5_update
2026-10-08 10:16:05,152 INFO     __main__: Generated master kernel file: generated/airfoil/cuda/op2_kernels.cu
2026-10-08 10:16:05,152 INFO     __main__: Translation scheme: C++/hip
2026-10-08 10:16:05,222 INFO     __main__: Generated loop host 1 of 5: airfoil_1_save_soln
2026-10-08 10:16:05,229 INFO     __main__: Generated loop host 2 of 5: airfoil_2_adt_calc
2026-10-08 10:16:05,236 INFO     __main__: Generated loop host 3 of 5: airfoil_3_res_calc
2026-10-08 10:16:05,244 INFO     __main__: Generated loop host 4 of 5: airfoil_4_bres_calc
2026-10-08 10:16:05,249 INFO     __main__: Generated loop host 5 of 5: airfoil_5_update
2026-10-08 10:16:05,252 INFO     __main__: Generated master kernel file: generated/airfoil/hip/op2_kernels.cpp
2026-10-08 10:16:05,252 INFO     __main__: Translation scheme: C++/c_cuda
2026-10-08 10:16:05,338 INFO     __main__: Generated loop host 1 of 5: airfoil_1_save_soln
2026-10-08 10:16:05,345 INFO     __main__: Generated loop host 2 of 5: airfoil_2_adt_calc
2026-10-08 10:16:05,352 INFO     __main__: Generated loop host 3 of 5: airfoil_3_res_calc
2026-10-08 10:16:05,360 INFO     __main__: Generated loop host 4 of 5: airfoil_4_bres_calc
2026-10-08 10:16:05,365 INFO     __main__: Generated loop host 5 of 5: airfoil_5_update
2026-10-08 10:16:05,371 INFO     __main__: Generated master kernel file: generated/airfoil/c_cuda/op2_kernels.cu
2026-10-08 10:16:05,371 INFO     __main__: Translation scheme: C++/c_hip
2026-10-08 10:16:05,467 INFO     __main__: Generated loop host 1 of 5: airfoil_1_save_soln
2026-10-08 10:16:05,474 INFO     __main__: Generated loop host 2 of 5: airfoil_2_adt_calc
2026-10-08 10:16:05,481 INFO     __main__: Generated loop host 3 of 5: airfoil_3_res_calc
2026-10-08 10:16:05,489 INFO     __main__: Generated loop host 4 of 5: airfoil_4_bres_calc
2026-10-08 10:16:05,494 INFO     __main__: Generated loop host 5 of 5: airfoil_5_update
2026-10-08 10:16:05,500 INFO     __main__: Generated master kernel file: generated/airfoil/c_hip/op2_kernels.cpp
2026-10-08 10:16:05,500 INFO     __main__: Translation scheme: C++/openmp
2026-10-08 10:16:05,553 INFO     __main__: Generated loop host 1 of 5: airfoil_1_save_soln
2026-10-08 10:16:05,558 INFO     __main__: Generated loop host 2 of 5: airfoil_2_adt_calc
2026-10-08 10:16:05,563 INFO     __main__: Generated loop host 3 of 5: airfoil_3_res_calc
2026-10-08 10:16:05,567 INFO     __main__: Generated loop host 4 of 5: airfoil_4_bres_calc
2026-10-08 10:16:05,571 INFO     __main__: Generated loop host 5 of 5: airfoil_5_update
2026-10-08 10:16:05,572 INFO     __main__: Generated master kernel file: generated/airfoil/openmp/op2_kernels.cpp
2026-10-08 10:16:05,573 INFO     __main__: Translated program 1 of 1: generated/airfoil/airfoil.cpp
