2026-09-04 14:01:29,692 INFO     __main__: Parsing files:
    airfoil_mpi.cpp
2026-09-04 14:01:36,926 INFO     __main__: Validating...
2026-09-04 14:01:36,926 INFO     __main__: Translation scheme: C++/seq
2026-09-04 14:01:36,958 INFO     __main__: Generated loop host 1 of 5: airfoil_mpi_1_save_soln
2026-09-04 14:01:36,964 INFO     __main__: Generated loop host 2 of 5: airfoil_mpi_2_adt_calc
2026-09-04 14:01:36,970 INFO     __main__: Generated loop host 3 of 5: airfoil_mpi_3_res_calc
2026-09-04 14:01:36,975 INFO     __main__: Generated loop host 4 of 5: airfoil_mpi_4_bres_calc
2026-09-04 14:01:36,979 INFO     __main__: Generated loop host 5 of 5: airfoil_mpi_5_update
2026-09-04 14:01:36,984 INFO     __main__: Generated master kernel file: generated/airfoil_par/seq/op2_kernels.cpp
2026-09-04 14:01:36,984 WARNING  __main__: No scheme registered for C++/c_seq
2026-09-04 14:01:36,984 INFO     __main__: Translation scheme: C++/cuda
2026-09-04 14:01:37,060 INFO     __main__: Generated loop host 1 of 5: airfoil_mpi_1_save_soln
2026-09-04 14:01:37,069 INFO     __main__: Generated loop host 2 of 5: airfoil_mpi_2_adt_calc
2026-09-04 14:01:37,076 INFO     __main__: Generated loop host 3 of 5: airfoil_mpi_3_res_calc
2026-09-04 14:01:37,085 INFO     __main__: Generated loop host 4 of 5: airfoil_mpi_4_bres_calc
2026-09-04 14:01:37,090 INFO     __main__: Generated loop host 5 of 5: airfoil_mpi_5_update
2026-09-04 14:01:37,094 INFO     __main__: Generated master kernel file: generated/airfoil_par/cuda/op2_kernels.cu
2026-09-04 14:01:37,094 INFO     __main__: Translation scheme: C++/hip
2026-09-04 14:01:37,157 INFO     __main__: Generated loop host 1 of 5: airfoil_mpi_1_save_soln
2026-09-04 14:01:37,165 INFO     __main__: Generated loop host 2 of 5: airfoil_mpi_2_adt_calc
2026-09-04 14:01:37,172 INFO     __main__: Generated loop host 3 of 5: airfoil_mpi_3_res_calc
2026-09-04 14:01:37,180 INFO     __main__: Generated loop host 4 of 5: airfoil_mpi_4_bres_calc
2026-09-04 14:01:37,186 INFO     __main__: Generated loop host 5 of 5: airfoil_mpi_5_update
2026-09-04 14:01:37,189 INFO     __main__: Generated master kernel file: generated/airfoil_par/hip/op2_kernels.cpp
2026-09-04 14:01:37,189 INFO     __main__: Translation scheme: C++/c_cuda
2026-09-04 14:01:37,265 INFO     __main__: Generated loop host 1 of 5: airfoil_mpi_1_save_soln
2026-09-04 14:01:37,273 INFO     __main__: Generated loop host 2 of 5: airfoil_mpi_2_adt_calc
2026-09-04 14:01:37,281 INFO     __main__: Generated loop host 3 of 5: airfoil_mpi_3_res_calc
2026-09-04 14:01:37,289 INFO     __main__: Generated loop host 4 of 5: airfoil_mpi_4_bres_calc
2026-09-04 14:01:37,295 INFO     __main__: Generated loop host 5 of 5: airfoil_mpi_5_update
2026-09-04 14:01:37,301 INFO     __main__: Generated master kernel file: generated/airfoil_par/c_cuda/op2_kernels.cu
2026-09-04 14:01:37,301 INFO     __main__: Translation scheme: C++/c_hip
2026-09-04 14:01:37,376 INFO     __main__: Generated loop host 1 of 5: airfoil_mpi_1_save_soln
2026-09-04 14:01:37,385 INFO     __main__: Generated loop host 2 of 5: airfoil_mpi_2_adt_calc
2026-09-04 14:01:37,393 INFO     __main__: Generated loop host 3 of 5: airfoil_mpi_3_res_calc
2026-09-04 14:01:37,401 INFO     __main__: Generated loop host 4 of 5: airfoil_mpi_4_bres_calc
2026-09-04 14:01:37,407 INFO     __main__: Generated loop host 5 of 5: airfoil_mpi_5_update
2026-09-04 14:01:37,412 INFO     __main__: Generated master kernel file: generated/airfoil_par/c_hip/op2_kernels.cpp
2026-09-04 14:01:37,412 INFO     __main__: Translation scheme: C++/openmp
2026-09-04 14:01:37,461 INFO     __main__: Generated loop host 1 of 5: airfoil_mpi_1_save_soln
2026-09-04 14:01:37,467 INFO     __main__: Generated loop host 2 of 5: airfoil_mpi_2_adt_calc
2026-09-04 14:01:37,472 INFO     __main__: Generated loop host 3 of 5: airfoil_mpi_3_res_calc
2026-09-04 14:01:37,477 INFO     __main__: Generated loop host 4 of 5: airfoil_mpi_4_bres_calc
2026-09-04 14:01:37,481 INFO     __main__: Generated loop host 5 of 5: airfoil_mpi_5_update
2026-09-04 14:01:37,483 INFO     __main__: Generated master kernel file: generated/airfoil_par/openmp/op2_kernels.cpp
2026-09-04 14:01:37,484 INFO     __main__: Translated program 1 of 1: generated/airfoil_par/airfoil_mpi.cpp
