2026-10-08 10:18:09,157 INFO     __main__: Parsing files:
    min_indirect.cpp
2026-10-08 10:18:11,665 INFO     __main__: Validating...
2026-10-08 10:18:11,666 INFO     __main__: Translation scheme: C++/seq
2026-10-08 10:18:11,695 INFO     __main__: Generated loop host 1 of 1: min_indirect_1_min_kernel
2026-10-08 10:18:11,701 INFO     __main__: Generated master kernel file: generated/min_indirect/seq/op2_kernels.cpp
2026-10-08 10:18:11,701 WARNING  __main__: No scheme registered for C++/c_seq
2026-10-08 10:18:11,701 INFO     __main__: Translation scheme: C++/cuda
2026-10-08 10:18:11,779 INFO     __main__: Generated loop host 1 of 1: min_indirect_1_min_kernel
2026-10-08 10:18:11,782 INFO     __main__: Generated master kernel file: generated/min_indirect/cuda/op2_kernels.cu
2026-10-08 10:18:11,783 INFO     __main__: Translation scheme: C++/hip
2026-10-08 10:18:11,849 INFO     __main__: Generated loop host 1 of 1: min_indirect_1_min_kernel
2026-10-08 10:18:11,853 INFO     __main__: Generated master kernel file: generated/min_indirect/hip/op2_kernels.cpp
2026-10-08 10:18:11,853 INFO     __main__: Translation scheme: C++/c_cuda
2026-10-08 10:18:11,934 INFO     __main__: Generated loop host 1 of 1: min_indirect_1_min_kernel
2026-10-08 10:18:11,939 INFO     __main__: Generated master kernel file: generated/min_indirect/c_cuda/op2_kernels.cu
2026-10-08 10:18:11,939 INFO     __main__: Translation scheme: C++/c_hip
2026-10-08 10:18:12,021 INFO     __main__: Generated loop host 1 of 1: min_indirect_1_min_kernel
2026-10-08 10:18:12,026 INFO     __main__: Generated master kernel file: generated/min_indirect/c_hip/op2_kernels.cpp
2026-10-08 10:18:12,027 INFO     __main__: Translation scheme: C++/openmp
2026-10-08 10:18:12,076 INFO     __main__: Generated loop host 1 of 1: min_indirect_1_min_kernel
2026-10-08 10:18:12,078 INFO     __main__: Generated master kernel file: generated/min_indirect/openmp/op2_kernels.cpp
2026-10-08 10:18:12,078 INFO     __main__: Translated program 1 of 1: generated/min_indirect/min_indirect.cpp
