2026-09-11 09:14:49,629 INFO     __main__: Parsing files:
    jac.cpp
2026-09-11 09:14:57,213 INFO     __main__: Validating...
2026-09-11 09:14:57,214 INFO     __main__: Translation scheme: C++/seq
2026-09-11 09:14:57,249 INFO     __main__: Generated loop host 1 of 2: jac_1_res
2026-09-11 09:14:57,258 INFO     __main__: Generated loop host 2 of 2: jac_2_update
2026-09-11 09:14:57,263 INFO     __main__: Generated master kernel file: generated/jac/seq/op2_kernels.cpp
2026-09-11 09:14:57,263 WARNING  __main__: No scheme registered for C++/c_seq
2026-09-11 09:14:57,263 INFO     __main__: Translation scheme: C++/cuda
2026-09-11 09:14:57,345 INFO     __main__: Generated loop host 1 of 2: jac_1_res
2026-09-11 09:14:57,355 INFO     __main__: Generated loop host 2 of 2: jac_2_update
2026-09-11 09:14:57,359 INFO     __main__: Generated master kernel file: generated/jac/cuda/op2_kernels.cu
2026-09-11 09:14:57,359 INFO     __main__: Translation scheme: C++/hip
2026-09-11 09:14:57,429 INFO     __main__: Generated loop host 1 of 2: jac_1_res
2026-09-11 09:14:57,439 INFO     __main__: Generated loop host 2 of 2: jac_2_update
2026-09-11 09:14:57,442 INFO     __main__: Generated master kernel file: generated/jac/hip/op2_kernels.cpp
2026-09-11 09:14:57,442 INFO     __main__: Translation scheme: C++/c_cuda
2026-09-11 09:14:57,526 INFO     __main__: Generated loop host 1 of 2: jac_1_res
2026-09-11 09:14:57,536 INFO     __main__: Generated loop host 2 of 2: jac_2_update
2026-09-11 09:14:57,541 INFO     __main__: Generated master kernel file: generated/jac/c_cuda/op2_kernels.cu
2026-09-11 09:14:57,541 INFO     __main__: Translation scheme: C++/c_hip
2026-09-11 09:14:57,625 INFO     __main__: Generated loop host 1 of 2: jac_1_res
2026-09-11 09:14:57,635 INFO     __main__: Generated loop host 2 of 2: jac_2_update
2026-09-11 09:14:57,641 INFO     __main__: Generated master kernel file: generated/jac/c_hip/op2_kernels.cpp
2026-09-11 09:14:57,641 INFO     __main__: Translation scheme: C++/openmp
2026-09-11 09:14:57,694 INFO     __main__: Generated loop host 1 of 2: jac_1_res
2026-09-11 09:14:57,703 INFO     __main__: Generated loop host 2 of 2: jac_2_update
2026-09-11 09:14:57,704 INFO     __main__: Generated master kernel file: generated/jac/openmp/op2_kernels.cpp
2026-09-11 09:14:57,705 INFO     __main__: Translated program 1 of 1: generated/jac/jac.cpp
