2026-10-08 10:15:11,573 DEBUG    fortran: Using packaged fpp for Fortran parsing: /home/runner/work/OP2-Common/OP2-Common/OP2-Common/translator-v2/fpp/fpp
2026-10-08 10:15:11,573 INFO     __main__: Parsing files:
    reduction.F90
2026-10-08 10:15:11,641 INFO     __main__: Validating...
2026-10-08 10:15:11,643 INFO     __main__: Translation scheme: Fortran/seq
2026-10-08 10:15:11,687 INFO     __main__: Generated loop host 1 of 2: reduction_1_cell_count
2026-10-08 10:15:11,688 INFO     __main__: Generated loop host 2 of 2: reduction_2_edge_count
2026-10-08 10:15:11,692 INFO     __main__: Generated consts file: generated/reduction/seq/op2_consts.F90
2026-10-08 10:15:11,694 INFO     __main__: Generated master kernel file: generated/reduction/seq/op2_kernels.F90
2026-10-08 10:15:11,694 INFO     __main__: Translation scheme: Fortran/c_seq
2026-10-08 10:15:11,735 INFO     __main__: Generated loop host 1 of 2: reduction_1_cell_count
2026-10-08 10:15:11,738 INFO     __main__: Generated loop host 2 of 2: reduction_2_edge_count
2026-10-08 10:15:11,741 INFO     __main__: Generated consts file: generated/reduction/c_seq/op2_consts.F90
2026-10-08 10:15:11,748 INFO     __main__: Generated master kernel file: generated/reduction/c_seq/op2_kernels.F90
2026-10-08 10:15:11,748 INFO     __main__: Generated master kernel file: generated/reduction/c_seq/op2_kernels_aux1.cpp
2026-10-08 10:15:11,749 INFO     __main__: Translation scheme: Fortran/cuda
2026-10-08 10:15:11,821 INFO     __main__: Generated loop host 1 of 2: reduction_1_cell_count
2026-10-08 10:15:11,824 INFO     __main__: Generated loop host 2 of 2: reduction_2_edge_count
2026-10-08 10:15:11,828 INFO     __main__: Generated consts file: generated/reduction/cuda/op2_consts.F90
2026-10-08 10:15:11,831 INFO     __main__: Generated master kernel file: generated/reduction/cuda/op2_kernels.F90
2026-10-08 10:15:11,831 WARNING  __main__: No scheme registered for Fortran/hip
2026-10-08 10:15:11,831 INFO     __main__: Translation scheme: Fortran/c_cuda
2026-10-08 10:15:11,915 INFO     __main__: Generated loop host 1 of 2: reduction_1_cell_count
2026-10-08 10:15:11,919 INFO     __main__: Generated loop host 2 of 2: reduction_2_edge_count
2026-10-08 10:15:11,923 INFO     __main__: Generated consts file: generated/reduction/c_cuda/op2_consts.F90
2026-10-08 10:15:11,933 INFO     __main__: Generated master kernel file: generated/reduction/c_cuda/op2_kernels.F90
2026-10-08 10:15:11,934 INFO     __main__: Generated master kernel file: generated/reduction/c_cuda/op2_kernels_aux1.cu
2026-10-08 10:15:11,934 INFO     __main__: Translation scheme: Fortran/c_hip
2026-10-08 10:15:12,018 INFO     __main__: Generated loop host 1 of 2: reduction_1_cell_count
2026-10-08 10:15:12,021 INFO     __main__: Generated loop host 2 of 2: reduction_2_edge_count
2026-10-08 10:15:12,025 INFO     __main__: Generated consts file: generated/reduction/c_hip/op2_consts.F90
2026-10-08 10:15:12,035 INFO     __main__: Generated master kernel file: generated/reduction/c_hip/op2_kernels.F90
2026-10-08 10:15:12,036 INFO     __main__: Generated master kernel file: generated/reduction/c_hip/op2_kernels_aux1.hip.cpp
2026-10-08 10:15:12,036 INFO     __main__: Translation scheme: Fortran/openmp
2026-10-08 10:15:12,108 INFO     __main__: Generated loop host 1 of 2: reduction_1_cell_count
2026-10-08 10:15:12,112 INFO     __main__: Generated loop host 2 of 2: reduction_2_edge_count
2026-10-08 10:15:12,116 INFO     __main__: Generated consts file: generated/reduction/openmp/op2_consts.F90
2026-10-08 10:15:12,118 INFO     __main__: Generated master kernel file: generated/reduction/openmp/op2_kernels.F90
2026-10-08 10:15:12,120 INFO     __main__: Translated program 1 of 1: generated/reduction/reduction.F90
